<html>
<body>
<pre>
<h1>µVision Build Log</h1>
<h2>Tool Versions:</h2>
IDE-Version: ¦ÌVision V5.26.2.0
Copyright (C) 2018 ARM Ltd and ARM Germany GmbH. All rights reserved.
License Information:  ,  , LIC=SDAJJ-U9K5Y-R86FF-694AA-30TQJ-TDN6T
 
Tool Versions:
Toolchain:       MDK-ARM Plus  Version: 5.26.2.0
Toolchain Path:  D:\keil5\ARM\ARMCC\Bin
C Compiler:      Armcc.exe V5.06 update 6 (build 750)
Assembler:       Armasm.exe V5.06 update 6 (build 750)
Linker/Locator:  ArmLink.exe V5.06 update 6 (build 750)
Library Manager: ArmAr.exe V5.06 update 6 (build 750)
Hex Converter:   FromElf.exe V5.06 update 6 (build 750)
CPU DLL:         SARMCM3.DLL V5.26.2.0
Dialog DLL:      DCM.DLL V1.17.2.0
Target DLL:      STLink\ST-LINKIII-KEIL_SWO.dll V3.0.5.0
Dialog DLL:      TCM.DLL V1.36.1.0
 
<h2>Project:</h2>
D:\keil5_work\LED\temp.uvprojx
Project File Date:  10/19/2022

<h2>Output:</h2>
*** Using Compiler 'V5.06 update 6 (build 750)', folder: 'D:\keil5\ARM\ARMCC\Bin'
Rebuild target 'temp'
compiling core_cm3.c...
compiling led.c...
.\USER\led\inc\led.h(5): warning:  #1295-D: Deprecated declaration led_init - give arg types
  void led_init();
USER\led\src\led.c: 1 warning, 0 errors
compiling main.c...
.\USER\led\inc\led.h(5): warning:  #1295-D: Deprecated declaration led_init - give arg types
  void led_init();
USER\main.c(39): warning:  #223-D: function "PWM_WS2812B_All" declared implicitly
  			PWM_WS2812B_All(a[j][i]);
USER\main.c(13): warning:  #177-D: variable "Green"  was declared but never referenced
  	int Green[8];
USER\main.c(14): warning:  #177-D: variable "Red"  was declared but never referenced
  	int Red[8];
USER\main.c(15): warning:  #177-D: variable "Blue"  was declared but never referenced
  	int Blue[8];
USER\main.c(21): warning:  #177-D: variable "pictures"  was declared but never referenced
  	u32 pictures[NUMS][X][Y];
USER\main.c: 6 warnings, 0 errors
compiling stm32f10x_it.c...
compiling delay.c...
compiling HDL_WS2812B.c...
USER\HDL_WS2812B\src\HDL_WS2812B.c(130): warning:  #1-D: last line of file ends without a newline
  }
USER\HDL_WS2812B\src\HDL_WS2812B.c: 1 warning, 0 errors
compiling system_stm32f10x.c...
compiling sys.c...
compiling mapping.c...
USER\mapping\src\mapping.c(4): warning:  #223-D: function "acos" declared implicitly
  	t[0] = (acos(x/a)*abs(y)/y)/omiga;
USER\mapping\src\mapping.c(4): warning:  #223-D: function "abs" declared implicitly
  	t[0] = (acos(x/a)*abs(y)/y)/omiga;
USER\mapping\src\mapping.c(6): warning:  #223-D: function "sin" declared implicitly
  		t[1]=1.414*y+a*(1-sin(omiga*t[0]));
USER\mapping\src\mapping.c(9): warning:  #223-D: function "sin" declared implicitly
  		t[1]=a-1.414*y-a*sin(omiga*t[0]);
USER\mapping\src\mapping.c(11): warning:  #1166-D: returning pointer to local variable
  	return t;
USER\mapping\src\mapping.c: 5 warnings, 0 errors
compiling misc.c...
compiling stm32f10x_bkp.c...
compiling stm32f10x_cec.c...
compiling stm32f10x_adc.c...
compiling stm32f10x_can.c...
compiling stm32f10x_crc.c...
compiling stm32f10x_dac.c...
compiling stm32f10x_dbgmcu.c...
compiling stm32f10x_dma.c...
compiling stm32f10x_exti.c...
compiling stm32f10x_flash.c...
compiling stm32f10x_fsmc.c...
compiling stm32f10x_gpio.c...
compiling stm32f10x_iwdg.c...
compiling stm32f10x_pwr.c...
compiling stm32f10x_i2c.c...
compiling stm32f10x_rcc.c...
compiling stm32f10x_rtc.c...
compiling stm32f10x_sdio.c...
assembling startup_stm32f10x_hd.s...
compiling stm32f10x_spi.c...
compiling stm32f10x_wwdg.c...
compiling stm32f10x_usart.c...
compiling stm32f10x_tim.c...
linking...
Program Size: Code=6528 RO-data=896 RW-data=28 ZI-data=5828  
FromELF: creating hex file...
".\Objects\temp.axf" - 0 Error(s), 13 Warning(s).

<h2>Software Packages used:</h2>

Package Vendor: Keil
                http://www.keil.com/pack/Keil.STM32F1xx_DFP.2.1.0.pack
                Keil.STM32F1xx_DFP.2.1.0
                STMicroelectronics STM32F1 Series Device Support, Drivers and Examples

<h2>Collection of Component include folders:</h2>
  .\RTE\_temp
  D:\keil5\ARM\PACK\Keil\STM32F1xx_DFP\2.1.0\Device\Include

<h2>Collection of Component Files used:</h2>
Build Time Elapsed:  00:00:03
</pre>
</body>
</html>
